╔══════════════════════════════════════════════════════════════════════╗
║                                                                      ║
║       SchemaDiff - Database Extractor Testing Suite                 ║
║                                                                      ║
╚══════════════════════════════════════════════════════════════════════╝


━━━━━━━━━━━━━━━━━━━━━━━━━━━━━━━━━━━━━━━━━━━━━━━━━━━━━━━━━━━━━━━━
PRE-FLIGHT CHECKS
━━━━━━━━━━━━━━━━━━━━━━━━━━━━━━━━━━━━━━━━━━━━━━━━━━━━━━━━━━━━━━━━
Testing: Java 21 installation... [0;32m✓ PASS[0m
